[2026-06-04 23:01:45] 
[Devpost] Fetching...
[2026-06-04 23:01:47] [Devpost] 9 fetched
[2026-06-04 23:01:47] 
[Devfolio] Fetching...
[2026-06-04 23:01:59] [Devfolio] 4 fetched
[2026-06-04 23:01:59] 
[Unstop] Fetching...
[2026-06-04 23:02:05] [Unstop] 10 fetched
[2026-06-04 23:02:05] 
[TOTAL] 23 fetched
[2026-06-04 23:02:05] 
[SOURCE SUMMARY]
[2026-06-04 23:02:05] Devpost: 9
[2026-06-04 23:02:05] Devfolio: 4
[2026-06-04 23:02:05] Unstop: 10
[2026-06-04 23:02:05] [NEW] 23
[2026-06-04 23:02:05] [FILTERED] 5
[2026-06-04 23:02:10] [FILTERED] 5 matched keywords
[2026-06-04 23:03:20] 
[Devpost] Fetching...
[2026-06-04 23:03:21] [Devpost] 9 fetched
[2026-06-04 23:03:21] 
[Devfolio] Fetching...
[2026-06-04 23:03:28] [Devfolio] 4 fetched
[2026-06-04 23:03:28] 
[Unstop] Fetching...
[2026-06-04 23:03:37] [Unstop] 10 fetched
[2026-06-04 23:03:37] 
[TOTAL] 23 fetched
[2026-06-04 23:03:37] 
[SOURCE SUMMARY]
[2026-06-04 23:03:37] Devpost: 9
[2026-06-04 23:03:37] Devfolio: 4
[2026-06-04 23:03:37] Unstop: 10
[2026-06-04 23:03:37] [NEW] 0
[2026-06-04 23:03:37] [FILTERED] 0
[2026-06-04 23:03:37] [FILTERED] 0 matched keywords
[2026-06-04 23:09:32] 
[Devpost] Fetching...
[2026-06-04 23:09:33] [Devpost] 9 fetched
[2026-06-04 23:09:33] 
[Devfolio] Fetching...
[2026-06-04 23:09:34] [Devfolio] ERROR: Page.goto: net::ERR_NAME_NOT_RESOLVED at https://invalid-url-test.com/
Call log:
  - navigating to "https://invalid-url-test.com/", waiting until "load"

[2026-06-04 23:09:34] 
[Unstop] Fetching...
[2026-06-04 23:09:42] [Unstop] 10 fetched
[2026-06-04 23:09:42] 
[TOTAL] 19 fetched
[2026-06-04 23:09:42] 
[SOURCE SUMMARY]
[2026-06-04 23:09:42] Devpost: 9
[2026-06-04 23:09:42] Unstop: 10
[2026-06-04 23:09:42] [NEW] 0
[2026-06-04 23:09:42] [FILTERED] 0
[2026-06-04 23:09:42] [FILTERED] 0 matched keywords
[2026-06-04 23:10:12] 
[Devpost] Fetching...
[2026-06-04 23:10:12] [WARNING] Devpost returned no data
[2026-06-04 23:10:12] [Devpost] 0 fetched
[2026-06-04 23:10:12] 
[Devfolio] Fetching...
[2026-06-04 23:10:13] [Devfolio] ERROR: Page.goto: net::ERR_INTERNET_DISCONNECTED at https://invalid-url-test.com/
Call log:
  - navigating to "https://invalid-url-test.com/", waiting until "load"

[2026-06-04 23:10:13] 
[Unstop] Fetching...
[2026-06-04 23:10:13] [Unstop] ERROR: Page.goto: net::ERR_INTERNET_DISCONNECTED at https://unstop.com/hackathons
Call log:
  - navigating to "https://unstop.com/hackathons", waiting until "load"

[2026-06-04 23:10:13] 
[TOTAL] 0 fetched
[2026-06-04 23:10:13] 
[SOURCE SUMMARY]
[2026-06-04 23:10:13] Devpost: 0
[2026-06-04 23:10:13] [NEW] 0
[2026-06-04 23:10:13] [FILTERED] 0
[2026-06-04 23:10:13] [FILTERED] 0 matched keywords
[2026-06-04 23:10:43] 
[Devpost] Fetching...
[2026-06-04 23:10:43] [WARNING] Devpost returned no data
[2026-06-04 23:10:43] [Devpost] 0 fetched
[2026-06-04 23:10:43] 
[Devfolio] Fetching...
[2026-06-04 23:10:44] [Devfolio] ERROR: Page.goto: net::ERR_INTERNET_DISCONNECTED at https://invalid-url-test.com/
Call log:
  - navigating to "https://invalid-url-test.com/", waiting until "load"

[2026-06-04 23:10:44] 
[Unstop] Fetching...
[2026-06-04 23:10:44] [Unstop] ERROR: Page.goto: net::ERR_INTERNET_DISCONNECTED at https://unstop.com/hackathons
Call log:
  - navigating to "https://unstop.com/hackathons", waiting until "load"

[2026-06-04 23:10:44] 
[TOTAL] 0 fetched
[2026-06-04 23:10:44] 
[SOURCE SUMMARY]
[2026-06-04 23:10:44] Devpost: 0
[2026-06-04 23:10:44] [NEW] 0
[2026-06-04 23:10:44] [FILTERED] 0
[2026-06-04 23:10:44] [FILTERED] 0 matched keywords
[2026-06-04 23:20:26] 
[Devpost] Fetching...
[2026-06-04 23:20:28] [Devpost] 9 fetched
[2026-06-04 23:20:28] 
[Devfolio] Fetching...
[2026-06-04 23:20:37] [Devfolio] 4 fetched
[2026-06-04 23:20:37] 
[Unstop] Fetching...
[2026-06-04 23:20:44] [Unstop] 10 fetched
[2026-06-04 23:20:44] 
[TOTAL] 23 fetched
[2026-06-04 23:20:44] 
[SOURCE SUMMARY]
[2026-06-04 23:20:44] Devpost: 9
[2026-06-04 23:20:44] Devfolio: 4
[2026-06-04 23:20:44] Unstop: 10
[2026-06-04 23:20:44] [NEW] 0
[2026-06-04 23:20:44] [FILTERED] 0
[2026-06-04 23:20:44] [FILTERED] 0 matched keywords
[2026-06-04 23:28:53] 
[Devpost] Fetching...
[2026-06-04 23:28:55] [Devpost] 9 fetched
[2026-06-04 23:28:55] 
[Devfolio] Fetching...
[2026-06-04 23:29:01] [Devfolio] 4 fetched
[2026-06-04 23:29:01] 
[Unstop] Fetching...
[2026-06-04 23:29:08] [Unstop] 10 fetched
[2026-06-04 23:29:08] 
[TOTAL] 23 fetched
[2026-06-04 23:29:08] 
[SOURCE SUMMARY]
[2026-06-04 23:29:08] Devpost: 9
[2026-06-04 23:29:08] Devfolio: 4
[2026-06-04 23:29:08] Unstop: 10
[2026-06-04 23:29:08] [NEW] 0
[2026-06-04 23:29:08] [FILTERED] 0
[2026-06-04 23:29:08] [FILTERED] 0 matched keywords
[2026-06-04 23:29:29] 
[Devpost] Fetching...
[2026-06-04 23:29:31] [Devpost] 9 fetched
[2026-06-04 23:29:31] 
[Devfolio] Fetching...
[2026-06-04 23:29:37] [Devfolio] 4 fetched
[2026-06-04 23:29:37] 
[Unstop] Fetching...
[2026-06-04 23:29:43] [Unstop] 10 fetched
[2026-06-04 23:29:43] 
[TOTAL] 23 fetched
[2026-06-04 23:29:43] 
[SOURCE SUMMARY]
[2026-06-04 23:29:43] Devpost: 9
[2026-06-04 23:29:43] Devfolio: 4
[2026-06-04 23:29:43] Unstop: 10
[2026-06-04 23:29:44] [NEW] 23
[2026-06-04 23:29:44] [FILTERED] 5
[2026-06-04 23:29:48] [FILTERED] 5 matched keywords
[2026-06-04 23:51:19] 
[Devpost] Fetching...
[2026-06-04 23:51:20] [Devpost] 9 fetched
[2026-06-04 23:51:20] 
[Devfolio] Fetching...
[2026-06-04 23:51:30] [Devfolio] 4 fetched
[2026-06-04 23:51:30] 
[Unstop] Fetching...
[2026-06-04 23:51:39] [Unstop] 10 fetched
[2026-06-04 23:51:39] 
[TOTAL] 23 fetched
[2026-06-04 23:51:39] 
[SOURCE SUMMARY]
[2026-06-04 23:51:39] Devpost: 9
[2026-06-04 23:51:39] Devfolio: 4
[2026-06-04 23:51:39] Unstop: 10
[2026-06-04 23:51:39] [NEW] 2
[2026-06-04 23:51:39] [FILTERED] 0
[2026-06-04 23:51:39] [FILTERED] 0 matched keywords
[2026-06-04 23:52:48] 
[Devpost] Fetching...
[2026-06-04 23:52:50] [Devpost] 9 fetched
[2026-06-04 23:52:50] 
[Devfolio] Fetching...
[2026-06-04 23:52:56] [Devfolio] 4 fetched
[2026-06-04 23:52:56] 
[Unstop] Fetching...
[2026-06-04 23:53:05] [Unstop] 10 fetched
[2026-06-04 23:53:05] 
[TOTAL] 23 fetched
[2026-06-04 23:53:05] 
[SOURCE SUMMARY]
[2026-06-04 23:53:05] Devpost: 9
[2026-06-04 23:53:05] Devfolio: 4
[2026-06-04 23:53:05] Unstop: 10
[2026-06-04 23:53:05] [NEW] 0
[2026-06-04 23:53:05] [FILTERED] 0
[2026-06-04 23:53:05] [FILTERED] 0 matched keywords
[2026-06-04 23:56:09] 
[Devpost] Fetching...
[2026-06-04 23:56:10] [Devpost] 9 fetched
[2026-06-04 23:56:10] 
[Devfolio] Fetching...
[2026-06-04 23:56:17] [Devfolio] 4 fetched
[2026-06-04 23:56:17] 
[Unstop] Fetching...
[2026-06-04 23:56:23] [Unstop] 10 fetched
[2026-06-04 23:56:23] 
[TOTAL] 23 fetched
[2026-06-04 23:56:23] 
[SOURCE SUMMARY]
[2026-06-04 23:56:23] Devpost: 9
[2026-06-04 23:56:23] Devfolio: 4
[2026-06-04 23:56:23] Unstop: 10
[2026-06-04 23:56:23] [NEW] 0
[2026-06-04 23:56:23] [FILTERED] 0
[2026-06-04 23:56:23] [FILTERED] 0 matched keywords
[2026-06-04 23:57:28] 
[Devpost] Fetching...
[2026-06-04 23:57:30] [Devpost] 9 fetched
[2026-06-04 23:57:30] 
[Devfolio] Fetching...
[2026-06-04 23:57:37] [Devfolio] 4 fetched
[2026-06-04 23:57:37] 
[Unstop] Fetching...
[2026-06-04 23:57:45] [Unstop] 10 fetched
[2026-06-04 23:57:45] 
[TOTAL] 23 fetched
[2026-06-04 23:57:45] 
[SOURCE SUMMARY]
[2026-06-04 23:57:45] Devpost: 9
[2026-06-04 23:57:45] Devfolio: 4
[2026-06-04 23:57:45] Unstop: 10
[2026-06-04 23:57:45] [NEW] 0
[2026-06-04 23:57:45] [FILTERED] 0
[2026-06-04 23:57:45] [FILTERED] 0 matched keywords
[2026-06-04 23:59:36] 
[Devpost] Fetching...
[2026-06-04 23:59:37] [Devpost] 9 fetched
[2026-06-04 23:59:37] 
[Devfolio] Fetching...
[2026-06-04 23:59:44] [Devfolio] 4 fetched
[2026-06-04 23:59:44] 
[Unstop] Fetching...
[2026-06-04 23:59:50] [Unstop] 10 fetched
[2026-06-04 23:59:50] 
[TOTAL] 23 fetched
[2026-06-04 23:59:50] 
[SOURCE SUMMARY]
[2026-06-04 23:59:50] Devpost: 9
[2026-06-04 23:59:50] Devfolio: 4
[2026-06-04 23:59:50] Unstop: 10
[2026-06-04 23:59:50] [NEW] 0
[2026-06-04 23:59:50] [FILTERED] 0
[2026-06-04 23:59:50] [FILTERED] 0 matched keywords
[2026-06-05 00:03:27] 
[Devpost] Fetching...
[2026-06-05 00:03:29] [Devpost] 9 fetched
[2026-06-05 00:03:29] 
[Devfolio] Fetching...
[2026-06-05 00:03:35] [Devfolio] 4 fetched
[2026-06-05 00:03:35] 
[Unstop] Fetching...
[2026-06-05 00:03:42] [Unstop] 10 fetched
[2026-06-05 00:03:42] 
[TOTAL] 23 fetched
[2026-06-05 00:03:42] 
[SOURCE SUMMARY]
[2026-06-05 00:03:42] Devpost: 9
[2026-06-05 00:03:42] Devfolio: 4
[2026-06-05 00:03:42] Unstop: 10
[2026-06-05 00:03:42] [NEW] 5
[2026-06-05 00:03:42] [SENDING] 5 to notifier
[2026-06-05 10:31:45] 
[Devpost] Fetching...
[2026-06-05 10:31:46] [Devpost] 9 fetched
[2026-06-05 10:31:46] 
[Devfolio] Fetching...
[2026-06-05 10:31:57] [Devfolio] 4 fetched
[2026-06-05 10:31:57] 
[Unstop] Fetching...
[2026-06-05 10:32:05] [Unstop] 10 fetched
[2026-06-05 10:32:05] 
[TOTAL] 23 fetched
[2026-06-05 10:32:05] 
[SOURCE SUMMARY]
[2026-06-05 10:32:05] Devpost: 9
[2026-06-05 10:32:05] Devfolio: 4
[2026-06-05 10:32:05] Unstop: 10
[2026-06-05 10:32:05] [NEW] 4
[2026-06-05 10:32:05] [SENDING] 4 to notifier
[2026-06-05 10:32:11] 
[Devpost] Fetching...
[2026-06-05 10:32:12] [Devpost] 9 fetched
[2026-06-05 10:32:12] 
[Devfolio] Fetching...
[2026-06-05 10:32:19] [Devfolio] 4 fetched
[2026-06-05 10:32:19] 
[Unstop] Fetching...
[2026-06-05 10:32:27] [Unstop] 10 fetched
[2026-06-05 10:32:27] 
[TOTAL] 23 fetched
[2026-06-05 10:32:27] 
[SOURCE SUMMARY]
[2026-06-05 10:32:27] Devpost: 9
[2026-06-05 10:32:27] Devfolio: 4
[2026-06-05 10:32:27] Unstop: 10
[2026-06-05 10:32:27] [NEW] 0
[2026-06-05 10:32:27] [SENDING] 0 to notifier
[2026-06-05 11:31:46] /start used by 1805173945
[2026-06-05 11:32:01] /help used by 1805173945
[2026-06-05 11:32:42] /upcoming used by 1805173945
[2026-06-05 11:32:53] /filters used by 1805173945
[2026-06-05 11:33:00] /filter used by 1805173945
[2026-06-05 11:33:11] /filters used by 1805173945
[2026-06-05 11:33:29] /filter used by 1805173945
[2026-06-05 11:33:39] /filters used by 1805173945
[2026-06-05 11:44:58] /help used by 1805173945
[2026-06-05 12:33:35] /start used by 1805173945
[2026-06-05 12:33:50] /help used by 1805173945
[2026-06-05 12:34:04] /stats used by 1805173945
[2026-06-05 12:34:16] /upcoming used by 1805173945
[2026-06-05 12:34:27] /filters used by 1805173945
[2026-06-05 12:34:44] /ping used by 1805173945
[2026-06-05 12:44:33] /start used by 7525045443
[2026-06-05 12:45:23] /help used by 7525045443
[2026-06-05 12:45:38] /stats used by 7525045443
[2026-06-05 12:45:45] /upcoming used by 7525045443
[2026-06-05 12:46:01] /filters used by 7525045443
[2026-06-05 12:46:17] /ping used by 7525045443
